Nume1,Nume2
Olivia Noah,Olivia Noah
Olivia Noah,Riley Jackson
Olivia Noah,Emma Aiden
Olivia Noah,Aria Lucas
Olivia Noah,Aaliyah Oliver
Olivia Noah,Amelia Caden
Olivia Noah,Layla Muhammad
Olivia Noah,Zoe Mason
Olivia Noah,Camilla Carter
Riley Jackson,Olivia Noah
Riley Jackson,Riley Jackson
Riley Jackson,Emma Aiden
Riley Jackson,Aria Lucas
Riley Jackson,Aaliyah Oliver
Riley Jackson,Amelia Caden
Riley Jackson,Layla Muhammad
Riley Jackson,Zoe Mason
Riley Jackson,Camilla Carter
Emma Aiden,Olivia Noah
Emma Aiden,Riley Jackson
Emma Aiden,Emma Aiden
Emma Aiden,Aria Lucas
Emma Aiden,Aaliyah Oliver
Emma Aiden,Amelia Caden
Emma Aiden,Layla Muhammad
Emma Aiden,Zoe Mason
Emma Aiden,Camilla Carter
Ava Elijah,Olivia Noah
Ava Elijah,Riley Jackson
Ava Elijah,Emma Aiden
Ava Elijah,Aria Lucas
Ava Elijah,Aaliyah Oliver
Ava Elijah,Amelia Caden
Ava Elijah,Layla Muhammad
Ava Elijah,Zoe Mason
Ava Elijah,Camilla Carter