Nume,Total teme
Olivia Noah,2.54
Riley Jackson,3.38
Emma Aiden,2.40
Ava Elijah,0.00
Isabella Grayson,0.00
Aria Lucas,2.00
Aaliyah Oliver,3.36
Amelia Caden,2.26
Mia Mateo,0.00
Layla Muhammad,3.68
Zoe Mason,3.00
Camilla Carter,3.14
Charlotte Jayden,3.96
Eliana Ethan,0.00
Mila Sebastian,3.31
Everly James,0.00
Luna Michael,2.00
Avery Benjamin,2.18
Evelyn Logan,3.90
Harper Leo,0.00
Lily Luca,1.68
Ella Alexander,2.22
Gianna Levi,3.90
Chloe Daniel,2.16
Adalyn Josiah,3.94
Charlie Henry,2.80
Isla Jayce,0.00
Ellie Julian,1.50
Leah Jack,0.00
Nora Ryan,0.00
Scarlett Jacob,3.37
Maya Asher,3.45
Abigail Wyatt,177.75
Madison William,2.85
Aubrey Owen,2.25
Emily Gabriel,4.00
Kinsley Miles,0.00
Elena Lincoln,1.69
Paisley Ezra,3.29
Madelyn Isaiah,2.25
Aurora Luke,3.67
Peyton Cameron,2.90
Nova Caleb,1.00
Emilia Isaac,2.20
Hannah Carson,3.87
Sarah Samuel,1.80
Ariana Colton,0.00
Penelope Maverick,3.22
Lila Matthew,3.99
Brooklyn Ian,0.50
Emery David,3.71
Callie Adam,2.83
Hazel Nicholas,3.63
Hailey Elias,2.73
Eleanor Adrian,1.59
Violet Kai,3.56
Elizabeth Nathan,0.00
Grace Eli,2.21
Anna Hudson,3.89
Mackenzie John,2.31
Kaylee Zane,3.66
Victoria Connor,3.10
Natalie Ezekiel,3.99
Raelynn Anthony,3.94
Addison Joseph,2.85
Skyler Landon,0.00
Melanie Jameson,0.00
Stella Thomas,3.75
Naomi Aaron,1.65
Lelani Christian,1.75
Isabelle Xavier,2.05
Bella Nolan,3.76
Liliana Easton,1.96
Kennedy Joshua,4.00
Gabriella Dominic,1.59
Willow Roman,2.38
Lucy Dylan,3.97
Savannah Amir,2.43
Lillian Christopher,2.36
Sophie Theodore,3.81
Ivy Jeremiah,0.00
Amaya Hunter,0.50
Delilah Andrew,2.01
Nevaeh Jordyn,1.28
London Damian,3.90
Alaina Zion,3.39
Adeline Theo,3.00
Audrey Cooper,3.75
Anaya Malachi,2.31
Maria Axel,2.54
Eva Santiago,2.45
Jasmine Elliot,3.94
Nyla Bryson,0.00
Cora Brayden,3.13
Reagan Rowan,0.00
Makayla Jonathan,1.40
Claire Evan,2.40
Allison Max,2.97
Emerson Beau,1.48
Liam Sophia,0.00
Noah Olivia,3.44
Jackson Riley,3.16
Aiden Emma,2.06
Elijah Ava,0.00
Grayson Isabella,2.75
Lucas Aria,0.00
Oliver Aaliyah,1.60
Caden Amelia,3.77
Mateo Mia,2.44
Muhammad Layla,3.83
Mason Zoe,3.78
Carter Camilla,0.00
Jayden Charlotte,0.00
Ethan Eliana,4.00
Sebastian Mila,3.91
James Everly,2.90
Michael Luna,3.99
Benjamin Avery,3.15
Logan Evelyn,3.01
Leo Harper,0.00
Luca Lily,3.43
Alexander Ella,3.04
Levi Gianna,0.00
Daniel Chloe,2.16
Josiah Adalyn,0.00
Henry Charlie,1.50
Jayce Isla,0.00
Julian Ellie,3.88
Jack Leah,3.82
Ryan Nora,2.31
Jacob Scarlett,2.93
Asher Maya,2.19
Wyatt Abigail,1.64
William Madison,2.56
Owen Aubrey,3.83
Gabriel Emily,3.37
Miles Kinsley,0.00
Lincoln Elena,0.00
Ezra Paisley,3.27
Isaiah Madelyn,3.89
Luke Aurora,3.34
Cameron Peyton,3.15
Caleb Nova,3.33
Isaac Emilia,3.00
Carson Hannah,0.00
Samuel Sarah,3.46
Colton Ariana,2.23
Maverick Penelope,0.00
Matthew Lila,1.60
Ian Brooklyn,2.70
David Emery,4.00
Adam Callie,3.34
Nicholas Hazel,2.22
Elias Hailey,2.23
Adrian Eleanor,2.40
Kai Violet,2.45
Nathan Elizabeth,0.90
Eli Grace,3.84
Hudson Anna,3.38
John Mackenzie,0.00
Zane Kaylee,3.01
Connor Victoria,3.10
Ezekiel Natalie,0.00
Anthony Raelynn,2.54
Joseph Addison,2.10
Landon Skyler,3.44
Jameson Melanie,0.00
Thomas Stella,2.68
Aaron Naomi,3.25
Christian Lelani,1.70
Xavier Isabelle,3.71
Nolan Bella,0.00
Easton Liliana,3.44
Joshua Kennedy,3.36