From,To,Value
Isaac Emilia,Olivia Noah,0.42
Adalyn Josiah,Riley Jackson,0.85
Oliver Aaliyah,Riley Jackson,0.85
Caleb Nova,Riley Jackson,0.85
Matthew Lila,Riley Jackson,0.85
Landon Skyler,Riley Jackson,0.85
Emma Aiden,Isabella Grayson,
Emma Aiden,Mia Mateo,
Eliana Ethan,Emma Aiden,
Emma Aiden,Everly James,
Emma Aiden,Harper Leo,
Emma Aiden,Isla Jayce,
Emma Aiden,Leah Jack,
Emma Aiden,Nora Ryan,
Emma Aiden,Kinsley Miles,
Emma Aiden,Nova Caleb,
Ariana Colton,Emma Aiden,
Brooklyn Ian,Emma Aiden,
Elizabeth Nathan,Emma Aiden,
Emma Aiden,Skyler Landon,
Emma Aiden,Melanie Jameson,
Emma Aiden,Ivy Jeremiah,
Amaya Hunter,Emma Aiden,
Emma Aiden,Nyla Bryson,
Emma Aiden,Liam Sophia,
Elijah Ava,Emma Aiden,
Carter Camilla,Emma Aiden,
Emma Aiden,Jayden Charlotte,
Emma Aiden,James Everly,
Emma Aiden,Leo Harper,
Emma Aiden,Levi Gianna,
Emma Aiden,Josiah Adalyn,
Emma Aiden,Jayce Isla,
Emma Aiden,Wyatt Abigail,
Emma Aiden,Miles Kinsley,
Emma Aiden,Lincoln Elena,
Carson Hannah,Emma Aiden,
Emma Aiden,Maverick Penelope,
Emma Aiden,John Mackenzie,
Emma Aiden,Jameson Melanie,
Emma Aiden,Nolan Bella,
Ava Elijah,Daniel Chloe,0.86
Isabella Grayson,Mia Mateo,
Eliana Ethan,Isabella Grayson,
Everly James,Isabella Grayson,
Harper Leo,Isabella Grayson,
Isabella Grayson,Isla Jayce,
Isabella Grayson,Leah Jack,
Isabella Grayson,Nora Ryan,
Isabella Grayson,Kinsley Miles,
Isabella Grayson,Nova Caleb,
Ariana Colton,Isabella Grayson,
Brooklyn Ian,Isabella Grayson,
Elizabeth Nathan,Isabella Grayson,
Isabella Grayson,Skyler Landon,
Isabella Grayson,Melanie Jameson,
Isabella Grayson,Ivy Jeremiah,
Amaya Hunter,Isabella Grayson,
Isabella Grayson,Nyla Bryson,
Isabella Grayson,Liam Sophia,
Elijah Ava,Isabella Grayson,
Carter Camilla,Isabella Grayson,
Isabella Grayson,Jayden Charlotte,
Isabella Grayson,James Everly,
Isabella Grayson,Leo Harper,
Isabella Grayson,Levi Gianna,
Isabella Grayson,Josiah Adalyn,
Isabella Grayson,Jayce Isla,
Isabella Grayson,Wyatt Abigail,
Isabella Grayson,Miles Kinsley,
Isabella Grayson,Lincoln Elena,
Carson Hannah,Isabella Grayson,
Isabella Grayson,Maverick Penelope,
Isabella Grayson,John Mackenzie,
Isabella Grayson,Jameson Melanie,
Isabella Grayson,Nolan Bella,
Aria Lucas,Elena Lincoln,0.7
Aria Lucas,Peyton Cameron,0.7
Aria Lucas,Gabriella Dominic,0.7
Aiden Emma,Aria Lucas,0.7
Aria Lucas,Benjamin Avery,0.7
Aria Lucas,Nathan Elizabeth,0.7
Aria Lucas,Thomas Stella,0.7
Aaliyah Oliver,Charlie Henry,0.8
Aaliyah Oliver,Nevaeh Jordyn,0.8
Aaliyah Oliver,Mateo Mia,0.8
Aaliyah Oliver,Ryan Nora,0.8
Aaliyah Oliver,Isaiah Madelyn,0.8
Aaliyah Oliver,Colton Ariana,0.8
Aaliyah Oliver,Ian Brooklyn,0.8
Aaliyah Oliver,Adam Callie,0.8
Amelia Caden,Layla Muhammad,1
Amelia Caden,Mila Sebastian,1
Amelia Caden,Evelyn Logan,1
Amelia Caden,Ella Alexander,1
Amelia Caden,Gianna Levi,1
Amelia Caden,Maya Asher,1
Abigail Wyatt,Amelia Caden,1
Amelia Caden,Emily Gabriel,1
Amelia Caden,Aurora Luke,1
Amelia Caden,Emilia Isaac,1
Amelia Caden,Hannah Carson,1
Amelia Caden,Penelope Maverick,1
Amelia Caden,Violet Kai,1
Amelia Caden,Anna Hudson,1
Amelia Caden,Mackenzie John,1
Amelia Caden,Natalie Ezekiel,1
Amelia Caden,Raelynn Anthony,1
Amelia Caden,Stella Thomas,1
Amelia Caden,Lelani Christian,1
Amelia Caden,Kennedy Joshua,1
Amelia Caden,Lillian Christopher,1
Amelia Caden,Sophie Theodore,1
Amelia Caden,Audrey Cooper,1
Amelia Caden,Jasmine Elliot,1
Amelia Caden,Claire Evan,1
Amelia Caden,Noah Olivia,1
Amelia Caden,Caden Amelia,1
Amelia Caden,Muhammad Layla,1
Amelia Caden,Mason Zoe,1
Amelia Caden,Ethan Eliana,1
Amelia Caden,Sebastian Mila,1
Amelia Caden,Michael Luna,1
Amelia Caden,Luca Lily,1
Amelia Caden,Julian Ellie,1
Amelia Caden,Jack Leah,1
Amelia Caden,Owen Aubrey,1
Amelia Caden,Gabriel Emily,1
Amelia Caden,Luke Aurora,1
Amelia Caden,David Emery,1
Amelia Caden,Eli Grace,1
Amelia Caden,Zane Kaylee,1
Amelia Caden,Connor Victoria,1
Amelia Caden,Anthony Raelynn,1
Amelia Caden,Joseph Addison,1
Aaron Naomi,Amelia Caden,1
Amelia Caden,Christian Lelani,1
Amelia Caden,Xavier Isabelle,1
Amelia Caden,Easton Liliana,1
Amelia Caden,Joshua Kennedy,1
Eliana Ethan,Mia Mateo,
Everly James,Mia Mateo,
Harper Leo,Mia Mateo,
Isla Jayce,Mia Mateo,
Leah Jack,Mia Mateo,
Mia Mateo,Nora Ryan,
Kinsley Miles,Mia Mateo,
Mia Mateo,Nova Caleb,
Ariana Colton,Mia Mateo,
Brooklyn Ian,Mia Mateo,
Elizabeth Nathan,Mia Mateo,
Mia Mateo,Skyler Landon,
Melanie Jameson,Mia Mateo,
Ivy Jeremiah,Mia Mateo,
Amaya Hunter,Mia Mateo,
Mia Mateo,Nyla Bryson,
Liam Sophia,Mia Mateo,
Elijah Ava,Mia Mateo,
Carter Camilla,Mia Mateo,
Jayden Charlotte,Mia Mateo,
James Everly,Mia Mateo,
Leo Harper,Mia Mateo,
Levi Gianna,Mia Mateo,
Josiah Adalyn,Mia Mateo,
Jayce Isla,Mia Mateo,
Mia Mateo,Wyatt Abigail,
Mia Mateo,Miles Kinsley,
Lincoln Elena,Mia Mateo,
Carson Hannah,Mia Mateo,
Maverick Penelope,Mia Mateo,
John Mackenzie,Mia Mateo,
Jameson Melanie,Mia Mateo,
Mia Mateo,Nolan Bella,
Layla Muhammad,Mila Sebastian,1
Evelyn Logan,Layla Muhammad,1
Ella Alexander,Layla Muhammad,1
Gianna Levi,Layla Muhammad,1
Layla Muhammad,Maya Asher,1
Abigail Wyatt,Layla Muhammad,1
Emily Gabriel,Layla Muhammad,1
Aurora Luke,Layla Muhammad,1
Emilia Isaac,Layla Muhammad,1
Hannah Carson,Layla Muhammad,1
Layla Muhammad,Penelope Maverick,1
Layla Muhammad,Violet Kai,1
Anna Hudson,Layla Muhammad,1
Layla Muhammad,Mackenzie John,1
Layla Muhammad,Natalie Ezekiel,1
Layla Muhammad,Raelynn Anthony,1
Layla Muhammad,Stella Thomas,1
Layla Muhammad,Lelani Christian,1
Kennedy Joshua,Layla Muhammad,1
Layla Muhammad,Lillian Christopher,1
Layla Muhammad,Sophie Theodore,1
Audrey Cooper,Layla Muhammad,1
Jasmine Elliot,Layla Muhammad,1
Claire Evan,Layla Muhammad,1
Layla Muhammad,Noah Olivia,1
Caden Amelia,Layla Muhammad,1
Layla Muhammad,Muhammad Layla,1
Layla Muhammad,Mason Zoe,1
Ethan Eliana,Layla Muhammad,1
Layla Muhammad,Sebastian Mila,1
Layla Muhammad,Michael Luna,1
Layla Muhammad,Luca Lily,1
Julian Ellie,Layla Muhammad,1
Jack Leah,Layla Muhammad,1
Layla Muhammad,Owen Aubrey,1
Gabriel Emily,Layla Muhammad,1
Layla Muhammad,Luke Aurora,1
David Emery,Layla Muhammad,1
Eli Grace,Layla Muhammad,1
Layla Muhammad,Zane Kaylee,1
Connor Victoria,Layla Muhammad,1
Anthony Raelynn,Layla Muhammad,1
Joseph Addison,Layla Muhammad,1
Aaron Naomi,Layla Muhammad,1
Christian Lelani,Layla Muhammad,1
Layla Muhammad,Xavier Isabelle,1
Easton Liliana,Layla Muhammad,1
Joshua Kennedy,Layla Muhammad,1
Charlotte Jayden,Zoe Mason,0.95
Lila Matthew,Zoe Mason,0.95
Isabelle Xavier,Zoe Mason,0.95
Grayson Isabella,Zoe Mason,0.95
Elias Hailey,Zoe Mason,0.95
Camilla Carter,Hazel Nicholas,0.5
Camilla Carter,Liliana Easton,0.5
Charlotte Jayden,Lila Matthew,0.95
Charlotte Jayden,Isabelle Xavier,0.95
Charlotte Jayden,Grayson Isabella,0.95
Charlotte Jayden,Elias Hailey,0.95
Eliana Ethan,Everly James,
Eliana Ethan,Harper Leo,
Eliana Ethan,Isla Jayce,
Eliana Ethan,Leah Jack,
Eliana Ethan,Nora Ryan,
Eliana Ethan,Kinsley Miles,
Eliana Ethan,Nova Caleb,
Ariana Colton,Eliana Ethan,
Brooklyn Ian,Eliana Ethan,
Eliana Ethan,Elizabeth Nathan,
Eliana Ethan,Skyler Landon,
Eliana Ethan,Melanie Jameson,
Eliana Ethan,Ivy Jeremiah,
Amaya Hunter,Eliana Ethan,
Eliana Ethan,Nyla Bryson,
Eliana Ethan,Liam Sophia,
Eliana Ethan,Elijah Ava,
Carter Camilla,Eliana Ethan,
Eliana Ethan,Jayden Charlotte,
Eliana Ethan,James Everly,
Eliana Ethan,Leo Harper,
Eliana Ethan,Levi Gianna,
Eliana Ethan,Josiah Adalyn,
Eliana Ethan,Jayce Isla,
Eliana Ethan,Wyatt Abigail,
Eliana Ethan,Miles Kinsley,
Eliana Ethan,Lincoln Elena,
Carson Hannah,Eliana Ethan,
Eliana Ethan,Maverick Penelope,
Eliana Ethan,John Mackenzie,
Eliana Ethan,Jameson Melanie,
Eliana Ethan,Nolan Bella,
Evelyn Logan,Mila Sebastian,1
Ella Alexander,Mila Sebastian,1
Gianna Levi,Mila Sebastian,1
Maya Asher,Mila Sebastian,1
Abigail Wyatt,Mila Sebastian,1
Emily Gabriel,Mila Sebastian,1
Aurora Luke,Mila Sebastian,1
Emilia Isaac,Mila Sebastian,1
Hannah Carson,Mila Sebastian,1
Mila Sebastian,Penelope Maverick,1
Mila Sebastian,Violet Kai,1
Anna Hudson,Mila Sebastian,1
Mackenzie John,Mila Sebastian,1
Mila Sebastian,Natalie Ezekiel,1
Mila Sebastian,Raelynn Anthony,1
Mila Sebastian,Stella Thomas,1
Lelani Christian,Mila Sebastian,1
Kennedy Joshua,Mila Sebastian,1
Lillian Christopher,Mila Sebastian,1
Mila Sebastian,Sophie Theodore,1
Audrey Cooper,Mila Sebastian,1
Jasmine Elliot,Mila Sebastian,1
Claire Evan,Mila Sebastian,1
Mila Sebastian,Noah Olivia,1
Caden Amelia,Mila Sebastian,1
Mila Sebastian,Muhammad Layla,1
Mason Zoe,Mila Sebastian,1
Ethan Eliana,Mila Sebastian,1
Mila Sebastian,Sebastian Mila,1
Michael Luna,Mila Sebastian,1
Luca Lily,Mila Sebastian,1
Julian Ellie,Mila Sebastian,1
Jack Leah,Mila Sebastian,1
Mila Sebastian,Owen Aubrey,1
Gabriel Emily,Mila Sebastian,1
Luke Aurora,Mila Sebastian,1
David Emery,Mila Sebastian,1
Eli Grace,Mila Sebastian,1
Mila Sebastian,Zane Kaylee,1
Connor Victoria,Mila Sebastian,1
Anthony Raelynn,Mila Sebastian,1
Joseph Addison,Mila Sebastian,1
Aaron Naomi,Mila Sebastian,1
Christian Lelani,Mila Sebastian,1
Mila Sebastian,Xavier Isabelle,1
Easton Liliana,Mila Sebastian,1
Joshua Kennedy,Mila Sebastian,1
Everly James,Harper Leo,
Everly James,Isla Jayce,
Everly James,Leah Jack,
Everly James,Nora Ryan,
Everly James,Kinsley Miles,
Everly James,Nova Caleb,
Ariana Colton,Everly James,
Brooklyn Ian,Everly James,
Elizabeth Nathan,Everly James,
Everly James,Skyler Landon,
Everly James,Melanie Jameson,
Everly James,Ivy Jeremiah,
Amaya Hunter,Everly James,
Everly James,Nyla Bryson,
Everly James,Liam Sophia,
Elijah Ava,Everly James,
Carter Camilla,Everly James,
Everly James,Jayden Charlotte,
Everly James,James Everly,
Everly James,Leo Harper,
Everly James,Levi Gianna,
Everly James,Josiah Adalyn,
Everly James,Jayce Isla,
Everly James,Wyatt Abigail,
Everly James,Miles Kinsley,
Everly James,Lincoln Elena,
Carson Hannah,Everly James,
Everly James,Maverick Penelope,
Everly James,John Mackenzie,
Everly James,Jameson Melanie,
Everly James,Nolan Bella,
Chloe Daniel,Luna Michael,0.6
Luna Michael,Victoria Connor,0.6
Addison Joseph,Luna Michael,0.6
Bella Nolan,Luna Michael,0.6
Luna Michael,Maria Axel,0.6
Cora Brayden,Luna Michael,0.6
Cameron Peyton,Luna Michael,0.6
Ezekiel Natalie,Luna Michael,0.6
Ella Alexander,Evelyn Logan,1
Evelyn Logan,Gianna Levi,1
Evelyn Logan,Maya Asher,1
Abigail Wyatt,Evelyn Logan,1
Emily Gabriel,Evelyn Logan,1
Aurora Luke,Evelyn Logan,1
Emilia Isaac,Evelyn Logan,1
Evelyn Logan,Hannah Carson,1
Evelyn Logan,Penelope Maverick,1
Evelyn Logan,Violet Kai,1
Anna Hudson,Evelyn Logan,1
Evelyn Logan,Mackenzie John,1
Evelyn Logan,Natalie Ezekiel,1
Evelyn Logan,Raelynn Anthony,1
Evelyn Logan,Stella Thomas,1
Evelyn Logan,Lelani Christian,1
Evelyn Logan,Kennedy Joshua,1
Evelyn Logan,Lillian Christopher,1
Evelyn Logan,Sophie Theodore,1
Audrey Cooper,Evelyn Logan,1
Evelyn Logan,Jasmine Elliot,1
Claire Evan,Evelyn Logan,1
Evelyn Logan,Noah Olivia,1
Caden Amelia,Evelyn Logan,1
Evelyn Logan,Muhammad Layla,1
Evelyn Logan,Mason Zoe,1
Ethan Eliana,Evelyn Logan,1
Evelyn Logan,Sebastian Mila,1
Evelyn Logan,Michael Luna,1
Evelyn Logan,Luca Lily,1
Evelyn Logan,Julian Ellie,1
Evelyn Logan,Jack Leah,1
Evelyn Logan,Owen Aubrey,1
Evelyn Logan,Gabriel Emily,1
Evelyn Logan,Luke Aurora,1
David Emery,Evelyn Logan,1
Eli Grace,Evelyn Logan,1
Evelyn Logan,Zane Kaylee,1
Connor Victoria,Evelyn Logan,1
Anthony Raelynn,Evelyn Logan,1
Evelyn Logan,Joseph Addison,1
Aaron Naomi,Evelyn Logan,1
Christian Lelani,Evelyn Logan,1
Evelyn Logan,Xavier Isabelle,1
Easton Liliana,Evelyn Logan,1
Evelyn Logan,Joshua Kennedy,1
Harper Leo,Isla Jayce,
Harper Leo,Leah Jack,
Harper Leo,Nora Ryan,
Harper Leo,Kinsley Miles,
Harper Leo,Nova Caleb,
Ariana Colton,Harper Leo,
Brooklyn Ian,Harper Leo,
Elizabeth Nathan,Harper Leo,
Harper Leo,Skyler Landon,
Harper Leo,Melanie Jameson,
Harper Leo,Ivy Jeremiah,
Amaya Hunter,Harper Leo,
Harper Leo,Nyla Bryson,
Harper Leo,Liam Sophia,
Elijah Ava,Harper Leo,
Carter Camilla,Harper Leo,
Harper Leo,Jayden Charlotte,
Harper Leo,James Everly,
Harper Leo,Leo Harper,
Harper Leo,Levi Gianna,
Harper Leo,Josiah Adalyn,
Harper Leo,Jayce Isla,
Harper Leo,Wyatt Abigail,
Harper Leo,Miles Kinsley,
Harper Leo,Lincoln Elena,
Carson Hannah,Harper Leo,
Harper Leo,Maverick Penelope,
Harper Leo,John Mackenzie,
Harper Leo,Jameson Melanie,
Harper Leo,Nolan Bella,
Aubrey Owen,Lily Luca,0.98
Lily Luca,Paisley Ezra,0.98
Kaylee Zane,Lily Luca,0.98
Lily Luca,Willow Roman,0.98
Ella Alexander,Gianna Levi,1
Ella Alexander,Maya Asher,1
Abigail Wyatt,Ella Alexander,1
Ella Alexander,Emily Gabriel,1
Aurora Luke,Ella Alexander,1
Ella Alexander,Emilia Isaac,1
Ella Alexander,Hannah Carson,1
Ella Alexander,Penelope Maverick,1
Ella Alexander,Violet Kai,1
Anna Hudson,Ella Alexander,1
Ella Alexander,Mackenzie John,1
Ella Alexander,Natalie Ezekiel,1
Ella Alexander,Raelynn Anthony,1
Ella Alexander,Stella Thomas,1
Ella Alexander,Lelani Christian,1
Ella Alexander,Kennedy Joshua,1
Ella Alexander,Lillian Christopher,1
Ella Alexander,Sophie Theodore,1
Audrey Cooper,Ella Alexander,1
Ella Alexander,Jasmine Elliot,1
Claire Evan,Ella Alexander,1
Ella Alexander,Noah Olivia,1
Caden Amelia,Ella Alexander,1
Ella Alexander,Muhammad Layla,1
Ella Alexander,Mason Zoe,1
Ella Alexander,Ethan Eliana,1
Ella Alexander,Sebastian Mila,1
Ella Alexander,Michael Luna,1
Ella Alexander,Luca Lily,1
Ella Alexander,Julian Ellie,1
Ella Alexander,Jack Leah,1
Ella Alexander,Owen Aubrey,1
Ella Alexander,Gabriel Emily,1
Ella Alexander,Luke Aurora,1
David Emery,Ella Alexander,1
Eli Grace,Ella Alexander,1
Ella Alexander,Zane Kaylee,1
Connor Victoria,Ella Alexander,1
Anthony Raelynn,Ella Alexander,1
Ella Alexander,Joseph Addison,1
Aaron Naomi,Ella Alexander,1
Christian Lelani,Ella Alexander,1
Ella Alexander,Xavier Isabelle,1
Easton Liliana,Ella Alexander,1
Ella Alexander,Joshua Kennedy,1
Gianna Levi,Maya Asher,1
Abigail Wyatt,Gianna Levi,1
Emily Gabriel,Gianna Levi,1
Aurora Luke,Gianna Levi,1
Emilia Isaac,Gianna Levi,1
Gianna Levi,Hannah Carson,1
Gianna Levi,Penelope Maverick,1
Gianna Levi,Violet Kai,1
Anna Hudson,Gianna Levi,1
Gianna Levi,Mackenzie John,1
Gianna Levi,Natalie Ezekiel,1
Gianna Levi,Raelynn Anthony,1
Gianna Levi,Stella Thomas,1
Gianna Levi,Lelani Christian,1
Gianna Levi,Kennedy Joshua,1
Gianna Levi,Lillian Christopher,1
Gianna Levi,Sophie Theodore,1
Audrey Cooper,Gianna Levi,1
Gianna Levi,Jasmine Elliot,1
Claire Evan,Gianna Levi,1
Gianna Levi,Noah Olivia,1
Caden Amelia,Gianna Levi,1
Gianna Levi,Muhammad Layla,1
Gianna Levi,Mason Zoe,1
Ethan Eliana,Gianna Levi,1
Gianna Levi,Sebastian Mila,1
Gianna Levi,Michael Luna,1
Gianna Levi,Luca Lily,1
Gianna Levi,Julian Ellie,1
Gianna Levi,Jack Leah,1
Gianna Levi,Owen Aubrey,1
Gabriel Emily,Gianna Levi,1
Gianna Levi,Luke Aurora,1
David Emery,Gianna Levi,1
Eli Grace,Gianna Levi,1
Gianna Levi,Zane Kaylee,1
Connor Victoria,Gianna Levi,1
Anthony Raelynn,Gianna Levi,1
Gianna Levi,Joseph Addison,1
Aaron Naomi,Gianna Levi,1
Christian Lelani,Gianna Levi,1
Gianna Levi,Xavier Isabelle,1
Easton Liliana,Gianna Levi,1
Gianna Levi,Joshua Kennedy,1
Chloe Daniel,Victoria Connor,0.6
Addison Joseph,Chloe Daniel,0.6
Bella Nolan,Chloe Daniel,0.6
Chloe Daniel,Maria Axel,0.6
Chloe Daniel,Cora Brayden,0.6
Cameron Peyton,Chloe Daniel,0.6
Chloe Daniel,Ezekiel Natalie,0.6
Adalyn Josiah,Oliver Aaliyah,0.85
Adalyn Josiah,Caleb Nova,0.85
Adalyn Josiah,Matthew Lila,0.85
Adalyn Josiah,Landon Skyler,0.85
Charlie Henry,Nevaeh Jordyn,0.8
Charlie Henry,Mateo Mia,0.8
Charlie Henry,Ryan Nora,0.8
Charlie Henry,Isaiah Madelyn,0.8
Charlie Henry,Colton Ariana,0.8
Charlie Henry,Ian Brooklyn,0.8
Adam Callie,Charlie Henry,0.8
Isla Jayce,Leah Jack,
Isla Jayce,Nora Ryan,
Isla Jayce,Kinsley Miles,
Isla Jayce,Nova Caleb,
Ariana Colton,Isla Jayce,
Brooklyn Ian,Isla Jayce,
Elizabeth Nathan,Isla Jayce,
Isla Jayce,Skyler Landon,
Isla Jayce,Melanie Jameson,
Isla Jayce,Ivy Jeremiah,
Amaya Hunter,Isla Jayce,
Isla Jayce,Nyla Bryson,
Isla Jayce,Liam Sophia,
Elijah Ava,Isla Jayce,
Carter Camilla,Isla Jayce,
Isla Jayce,Jayden Charlotte,
Isla Jayce,James Everly,
Isla Jayce,Leo Harper,
Isla Jayce,Levi Gianna,
Isla Jayce,Josiah Adalyn,
Isla Jayce,Jayce Isla,
Isla Jayce,Wyatt Abigail,
Isla Jayce,Miles Kinsley,
Isla Jayce,Lincoln Elena,
Carson Hannah,Isla Jayce,
Isla Jayce,Maverick Penelope,
Isla Jayce,John Mackenzie,
Isla Jayce,Jameson Melanie,
Isla Jayce,Nolan Bella,
Ellie Julian,Madelyn Isaiah,0.75
Ellie Julian,Emery David,0.75
Ellie Julian,Grace Eli,0.75
Leah Jack,Nora Ryan,
Kinsley Miles,Leah Jack,
Leah Jack,Nova Caleb,
Ariana Colton,Leah Jack,
Brooklyn Ian,Leah Jack,
Elizabeth Nathan,Leah Jack,
Leah Jack,Skyler Landon,
Leah Jack,Melanie Jameson,
Ivy Jeremiah,Leah Jack,
Amaya Hunter,Leah Jack,
Leah Jack,Nyla Bryson,
Leah Jack,Liam Sophia,
Elijah Ava,Leah Jack,
Carter Camilla,Leah Jack,
Jayden Charlotte,Leah Jack,
James Everly,Leah Jack,
Leah Jack,Leo Harper,
Leah Jack,Levi Gianna,
Josiah Adalyn,Leah Jack,
Jayce Isla,Leah Jack,
Leah Jack,Wyatt Abigail,
Leah Jack,Miles Kinsley,
Leah Jack,Lincoln Elena,
Carson Hannah,Leah Jack,
Leah Jack,Maverick Penelope,
John Mackenzie,Leah Jack,
Jameson Melanie,Leah Jack,
Leah Jack,Nolan Bella,
Kinsley Miles,Nora Ryan,
Nora Ryan,Nova Caleb,
Ariana Colton,Nora Ryan,
Brooklyn Ian,Nora Ryan,
Elizabeth Nathan,Nora Ryan,
Nora Ryan,Skyler Landon,
Melanie Jameson,Nora Ryan,
Ivy Jeremiah,Nora Ryan,
Amaya Hunter,Nora Ryan,
Nora Ryan,Nyla Bryson,
Liam Sophia,Nora Ryan,
Elijah Ava,Nora Ryan,
Carter Camilla,Nora Ryan,
Jayden Charlotte,Nora Ryan,
James Everly,Nora Ryan,
Leo Harper,Nora Ryan,
Levi Gianna,Nora Ryan,
Josiah Adalyn,Nora Ryan,
Jayce Isla,Nora Ryan,
Nora Ryan,Wyatt Abigail,
Miles Kinsley,Nora Ryan,
Lincoln Elena,Nora Ryan,
Carson Hannah,Nora Ryan,
Maverick Penelope,Nora Ryan,
John Mackenzie,Nora Ryan,
Jameson Melanie,Nora Ryan,
Nolan Bella,Nora Ryan,
Adrian Eleanor,Scarlett Jacob,0.83
Hudson Anna,Scarlett Jacob,0.83
Abigail Wyatt,Maya Asher,1
Emily Gabriel,Maya Asher,1
Aurora Luke,Maya Asher,1
Emilia Isaac,Maya Asher,1
Hannah Carson,Maya Asher,1
Maya Asher,Penelope Maverick,1
Maya Asher,Violet Kai,1
Anna Hudson,Maya Asher,1
Mackenzie John,Maya Asher,1
Maya Asher,Natalie Ezekiel,1
Maya Asher,Raelynn Anthony,1
Maya Asher,Stella Thomas,1
Lelani Christian,Maya Asher,1
Kennedy Joshua,Maya Asher,1
Lillian Christopher,Maya Asher,1
Maya Asher,Sophie Theodore,1
Audrey Cooper,Maya Asher,1
Jasmine Elliot,Maya Asher,1
Claire Evan,Maya Asher,1
Maya Asher,Noah Olivia,1
Caden Amelia,Maya Asher,1
Maya Asher,Muhammad Layla,1
Mason Zoe,Maya Asher,1
Ethan Eliana,Maya Asher,1
Maya Asher,Sebastian Mila,1
Maya Asher,Michael Luna,1
Luca Lily,Maya Asher,1
Julian Ellie,Maya Asher,1
Jack Leah,Maya Asher,1
Maya Asher,Owen Aubrey,1
Gabriel Emily,Maya Asher,1
Luke Aurora,Maya Asher,1
David Emery,Maya Asher,1
Eli Grace,Maya Asher,1
Maya Asher,Zane Kaylee,1
Connor Victoria,Maya Asher,1
Anthony Raelynn,Maya Asher,1
Joseph Addison,Maya Asher,1
Aaron Naomi,Maya Asher,1
Christian Lelani,Maya Asher,1
Maya Asher,Xavier Isabelle,1
Easton Liliana,Maya Asher,1
Joshua Kennedy,Maya Asher,1
Abigail Wyatt,Emily Gabriel,1
Abigail Wyatt,Aurora Luke,1
Abigail Wyatt,Emilia Isaac,1
Abigail Wyatt,Hannah Carson,1
Abigail Wyatt,Penelope Maverick,1
Abigail Wyatt,Violet Kai,1
Abigail Wyatt,Anna Hudson,1
Abigail Wyatt,Mackenzie John,1
Abigail Wyatt,Natalie Ezekiel,1
Abigail Wyatt,Raelynn Anthony,1
Abigail Wyatt,Stella Thomas,1
Abigail Wyatt,Lelani Christian,1
Abigail Wyatt,Kennedy Joshua,1
Abigail Wyatt,Lillian Christopher,1
Abigail Wyatt,Sophie Theodore,1
Abigail Wyatt,Audrey Cooper,1
Abigail Wyatt,Jasmine Elliot,1
Abigail Wyatt,Claire Evan,1
Abigail Wyatt,Noah Olivia,1
Abigail Wyatt,Caden Amelia,1
Abigail Wyatt,Muhammad Layla,1
Abigail Wyatt,Mason Zoe,1
Abigail Wyatt,Ethan Eliana,1
Abigail Wyatt,Sebastian Mila,1
Abigail Wyatt,Michael Luna,1
Abigail Wyatt,Luca Lily,1
Abigail Wyatt,Julian Ellie,1
Abigail Wyatt,Jack Leah,1
Abigail Wyatt,Owen Aubrey,1
Abigail Wyatt,Gabriel Emily,1
Abigail Wyatt,Luke Aurora,1
Abigail Wyatt,David Emery,1
Abigail Wyatt,Eli Grace,1
Abigail Wyatt,Zane Kaylee,1
Abigail Wyatt,Connor Victoria,1
Abigail Wyatt,Anthony Raelynn,1
Abigail Wyatt,Joseph Addison,1
Aaron Naomi,Abigail Wyatt,1
Abigail Wyatt,Christian Lelani,1
Abigail Wyatt,Xavier Isabelle,1
Abigail Wyatt,Easton Liliana,1
Abigail Wyatt,Joshua Kennedy,1
Madison William,William Madison,0.45
Ezra Paisley,Madison William,0.45
Aubrey Owen,Paisley Ezra,0.98
Aubrey Owen,Kaylee Zane,0.98
Aubrey Owen,Willow Roman,0.98
Aurora Luke,Emily Gabriel,1
Emilia Isaac,Emily Gabriel,1
Emily Gabriel,Hannah Carson,1
Emily Gabriel,Penelope Maverick,1
Emily Gabriel,Violet Kai,1
Anna Hudson,Emily Gabriel,1
Emily Gabriel,Mackenzie John,1
Emily Gabriel,Natalie Ezekiel,1
Emily Gabriel,Raelynn Anthony,1
Emily Gabriel,Stella Thomas,1
Emily Gabriel,Lelani Christian,1
Emily Gabriel,Kennedy Joshua,1
Emily Gabriel,Lillian Christopher,1
Emily Gabriel,Sophie Theodore,1
Audrey Cooper,Emily Gabriel,1
Emily Gabriel,Jasmine Elliot,1
Claire Evan,Emily Gabriel,1
Emily Gabriel,Noah Olivia,1
Caden Amelia,Emily Gabriel,1
Emily Gabriel,Muhammad Layla,1
Emily Gabriel,Mason Zoe,1
Emily Gabriel,Ethan Eliana,1
Emily Gabriel,Sebastian Mila,1
Emily Gabriel,Michael Luna,1
Emily Gabriel,Luca Lily,1
Emily Gabriel,Julian Ellie,1
Emily Gabriel,Jack Leah,1
Emily Gabriel,Owen Aubrey,1
Emily Gabriel,Gabriel Emily,1
Emily Gabriel,Luke Aurora,1
David Emery,Emily Gabriel,1
Eli Grace,Emily Gabriel,1
Emily Gabriel,Zane Kaylee,1
Connor Victoria,Emily Gabriel,1
Anthony Raelynn,Emily Gabriel,1
Emily Gabriel,Joseph Addison,1
Aaron Naomi,Emily Gabriel,1
Christian Lelani,Emily Gabriel,1
Emily Gabriel,Xavier Isabelle,1
Easton Liliana,Emily Gabriel,1
Emily Gabriel,Joshua Kennedy,1
Kinsley Miles,Nova Caleb,
Ariana Colton,Kinsley Miles,
Brooklyn Ian,Kinsley Miles,
Elizabeth Nathan,Kinsley Miles,
Kinsley Miles,Skyler Landon,
Kinsley Miles,Melanie Jameson,
Ivy Jeremiah,Kinsley Miles,
Amaya Hunter,Kinsley Miles,
Kinsley Miles,Nyla Bryson,
Kinsley Miles,Liam Sophia,
Elijah Ava,Kinsley Miles,
Carter Camilla,Kinsley Miles,
Jayden Charlotte,Kinsley Miles,
James Everly,Kinsley Miles,
Kinsley Miles,Leo Harper,
Kinsley Miles,Levi Gianna,
Josiah Adalyn,Kinsley Miles,
Jayce Isla,Kinsley Miles,
Kinsley Miles,Wyatt Abigail,
Kinsley Miles,Miles Kinsley,
Kinsley Miles,Lincoln Elena,
Carson Hannah,Kinsley Miles,
Kinsley Miles,Maverick Penelope,
John Mackenzie,Kinsley Miles,
Jameson Melanie,Kinsley Miles,
Kinsley Miles,Nolan Bella,
Elena Lincoln,Peyton Cameron,0.7
Elena Lincoln,Gabriella Dominic,0.7
Aiden Emma,Elena Lincoln,0.7
Benjamin Avery,Elena Lincoln,0.7
Elena Lincoln,Nathan Elizabeth,0.7
Elena Lincoln,Thomas Stella,0.7
Kaylee Zane,Paisley Ezra,0.98
Paisley Ezra,Willow Roman,0.98
Emery David,Madelyn Isaiah,0.75
Grace Eli,Madelyn Isaiah,0.75
Aurora Luke,Emilia Isaac,1
Aurora Luke,Hannah Carson,1
Aurora Luke,Penelope Maverick,1
Aurora Luke,Violet Kai,1
Anna Hudson,Aurora Luke,1
Aurora Luke,Mackenzie John,1
Aurora Luke,Natalie Ezekiel,1
Aurora Luke,Raelynn Anthony,1
Aurora Luke,Stella Thomas,1
Aurora Luke,Lelani Christian,1
Aurora Luke,Kennedy Joshua,1
Aurora Luke,Lillian Christopher,1
Aurora Luke,Sophie Theodore,1
Audrey Cooper,Aurora Luke,1
Aurora Luke,Jasmine Elliot,1
Aurora Luke,Claire Evan,1
Aurora Luke,Noah Olivia,1
Aurora Luke,Caden Amelia,1
Aurora Luke,Muhammad Layla,1
Aurora Luke,Mason Zoe,1
Aurora Luke,Ethan Eliana,1
Aurora Luke,Sebastian Mila,1
Aurora Luke,Michael Luna,1
Aurora Luke,Luca Lily,1
Aurora Luke,Julian Ellie,1
Aurora Luke,Jack Leah,1
Aurora Luke,Owen Aubrey,1
Aurora Luke,Gabriel Emily,1
Aurora Luke,Luke Aurora,1
Aurora Luke,David Emery,1
Aurora Luke,Eli Grace,1
Aurora Luke,Zane Kaylee,1
Aurora Luke,Connor Victoria,1
Anthony Raelynn,Aurora Luke,1
Aurora Luke,Joseph Addison,1
Aaron Naomi,Aurora Luke,1
Aurora Luke,Christian Lelani,1
Aurora Luke,Xavier Isabelle,1
Aurora Luke,Easton Liliana,1
Aurora Luke,Joshua Kennedy,1
Gabriella Dominic,Peyton Cameron,0.7
Aiden Emma,Peyton Cameron,0.7
Benjamin Avery,Peyton Cameron,0.7
Nathan Elizabeth,Peyton Cameron,0.7
Peyton Cameron,Thomas Stella,0.7
Ariana Colton,Nova Caleb,
Brooklyn Ian,Nova Caleb,
Elizabeth Nathan,Nova Caleb,
Nova Caleb,Skyler Landon,
Melanie Jameson,Nova Caleb,
Ivy Jeremiah,Nova Caleb,
Amaya Hunter,Nova Caleb,
Nova Caleb,Nyla Bryson,
Liam Sophia,Nova Caleb,
Elijah Ava,Nova Caleb,
Carter Camilla,Nova Caleb,
Jayden Charlotte,Nova Caleb,
James Everly,Nova Caleb,
Leo Harper,Nova Caleb,
Levi Gianna,Nova Caleb,
Josiah Adalyn,Nova Caleb,
Jayce Isla,Nova Caleb,
Nova Caleb,Wyatt Abigail,
Miles Kinsley,Nova Caleb,
Lincoln Elena,Nova Caleb,
Carson Hannah,Nova Caleb,
Maverick Penelope,Nova Caleb,
John Mackenzie,Nova Caleb,
Jameson Melanie,Nova Caleb,
Nolan Bella,Nova Caleb,
Emilia Isaac,Hannah Carson,1
Emilia Isaac,Penelope Maverick,1
Emilia Isaac,Violet Kai,1
Anna Hudson,Emilia Isaac,1
Emilia Isaac,Mackenzie John,1
Emilia Isaac,Natalie Ezekiel,1
Emilia Isaac,Raelynn Anthony,1
Emilia Isaac,Stella Thomas,1
Emilia Isaac,Lelani Christian,1
Emilia Isaac,Kennedy Joshua,1
Emilia Isaac,Lillian Christopher,1
Emilia Isaac,Sophie Theodore,1
Audrey Cooper,Emilia Isaac,1
Emilia Isaac,Jasmine Elliot,1
Claire Evan,Emilia Isaac,1
Emilia Isaac,Noah Olivia,1
Caden Amelia,Emilia Isaac,1
Emilia Isaac,Muhammad Layla,1
Emilia Isaac,Mason Zoe,1
Emilia Isaac,Ethan Eliana,1
Emilia Isaac,Sebastian Mila,1
Emilia Isaac,Michael Luna,1
Emilia Isaac,Luca Lily,1
Emilia Isaac,Julian Ellie,1
Emilia Isaac,Jack Leah,1
Emilia Isaac,Owen Aubrey,1
Emilia Isaac,Gabriel Emily,1
Emilia Isaac,Luke Aurora,1
David Emery,Emilia Isaac,1
Eli Grace,Emilia Isaac,1
Emilia Isaac,Zane Kaylee,1
Connor Victoria,Emilia Isaac,1
Anthony Raelynn,Emilia Isaac,1
Emilia Isaac,Joseph Addison,1
Aaron Naomi,Emilia Isaac,1
Christian Lelani,Emilia Isaac,1
Emilia Isaac,Xavier Isabelle,1
Easton Liliana,Emilia Isaac,1
Emilia Isaac,Joshua Kennedy,1
Hannah Carson,Penelope Maverick,1
Hannah Carson,Violet Kai,1
Anna Hudson,Hannah Carson,1
Hannah Carson,Mackenzie John,1
Hannah Carson,Natalie Ezekiel,1
Hannah Carson,Raelynn Anthony,1
Hannah Carson,Stella Thomas,1
Hannah Carson,Lelani Christian,1
Hannah Carson,Kennedy Joshua,1
Hannah Carson,Lillian Christopher,1
Hannah Carson,Sophie Theodore,1
Audrey Cooper,Hannah Carson,1
Hannah Carson,Jasmine Elliot,1
Claire Evan,Hannah Carson,1
Hannah Carson,Noah Olivia,1
Caden Amelia,Hannah Carson,1
Hannah Carson,Muhammad Layla,1
Hannah Carson,Mason Zoe,1
Ethan Eliana,Hannah Carson,1
Hannah Carson,Sebastian Mila,1
Hannah Carson,Michael Luna,1
Hannah Carson,Luca Lily,1
Hannah Carson,Julian Ellie,1
Hannah Carson,Jack Leah,1
Hannah Carson,Owen Aubrey,1
Gabriel Emily,Hannah Carson,1
Hannah Carson,Luke Aurora,1
David Emery,Hannah Carson,1
Eli Grace,Hannah Carson,1
Hannah Carson,Zane Kaylee,1
Connor Victoria,Hannah Carson,1
Anthony Raelynn,Hannah Carson,1
Hannah Carson,Joseph Addison,1
Aaron Naomi,Hannah Carson,1
Christian Lelani,Hannah Carson,1
Hannah Carson,Xavier Isabelle,1
Easton Liliana,Hannah Carson,1
Hannah Carson,Joshua Kennedy,1
London Damian,Sarah Samuel,0.92
Kai Violet,Sarah Samuel,0.92
Ariana Colton,Brooklyn Ian,
Ariana Colton,Elizabeth Nathan,
Ariana Colton,Skyler Landon,
Ariana Colton,Melanie Jameson,
Ariana Colton,Ivy Jeremiah,
Amaya Hunter,Ariana Colton,
Ariana Colton,Nyla Bryson,
Ariana Colton,Liam Sophia,
Ariana Colton,Elijah Ava,
Ariana Colton,Carter Camilla,
Ariana Colton,Jayden Charlotte,
Ariana Colton,James Everly,
Ariana Colton,Leo Harper,
Ariana Colton,Levi Gianna,
Ariana Colton,Josiah Adalyn,
Ariana Colton,Jayce Isla,
Ariana Colton,Wyatt Abigail,
Ariana Colton,Miles Kinsley,
Ariana Colton,Lincoln Elena,
Ariana Colton,Carson Hannah,
Ariana Colton,Maverick Penelope,
Ariana Colton,John Mackenzie,
Ariana Colton,Jameson Melanie,
Ariana Colton,Nolan Bella,
Penelope Maverick,Violet Kai,1
Anna Hudson,Penelope Maverick,1
Mackenzie John,Penelope Maverick,1
Natalie Ezekiel,Penelope Maverick,1
Penelope Maverick,Raelynn Anthony,1
Penelope Maverick,Stella Thomas,1
Lelani Christian,Penelope Maverick,1
Kennedy Joshua,Penelope Maverick,1
Lillian Christopher,Penelope Maverick,1
Penelope Maverick,Sophie Theodore,1
Audrey Cooper,Penelope Maverick,1
Jasmine Elliot,Penelope Maverick,1
Claire Evan,Penelope Maverick,1
Noah Olivia,Penelope Maverick,1
Caden Amelia,Penelope Maverick,1
Muhammad Layla,Penelope Maverick,1
Mason Zoe,Penelope Maverick,1
Ethan Eliana,Penelope Maverick,1
Penelope Maverick,Sebastian Mila,1
Michael Luna,Penelope Maverick,1
Luca Lily,Penelope Maverick,1
Julian Ellie,Penelope Maverick,1
Jack Leah,Penelope Maverick,1
Owen Aubrey,Penelope Maverick,1
Gabriel Emily,Penelope Maverick,1
Luke Aurora,Penelope Maverick,1
David Emery,Penelope Maverick,1
Eli Grace,Penelope Maverick,1
Penelope Maverick,Zane Kaylee,1
Connor Victoria,Penelope Maverick,1
Anthony Raelynn,Penelope Maverick,1
Joseph Addison,Penelope Maverick,1
Aaron Naomi,Penelope Maverick,1
Christian Lelani,Penelope Maverick,1
Penelope Maverick,Xavier Isabelle,1
Easton Liliana,Penelope Maverick,1
Joshua Kennedy,Penelope Maverick,1
Isabelle Xavier,Lila Matthew,0.95
Grayson Isabella,Lila Matthew,0.95
Elias Hailey,Lila Matthew,0.95
Brooklyn Ian,Elizabeth Nathan,
Brooklyn Ian,Skyler Landon,
Brooklyn Ian,Melanie Jameson,
Brooklyn Ian,Ivy Jeremiah,
Amaya Hunter,Brooklyn Ian,
Brooklyn Ian,Nyla Bryson,
Brooklyn Ian,Liam Sophia,
Brooklyn Ian,Elijah Ava,
Brooklyn Ian,Carter Camilla,
Brooklyn Ian,Jayden Charlotte,
Brooklyn Ian,James Everly,
Brooklyn Ian,Leo Harper,
Brooklyn Ian,Levi Gianna,
Brooklyn Ian,Josiah Adalyn,
Brooklyn Ian,Jayce Isla,
Brooklyn Ian,Wyatt Abigail,
Brooklyn Ian,Miles Kinsley,
Brooklyn Ian,Lincoln Elena,
Brooklyn Ian,Carson Hannah,
Brooklyn Ian,Maverick Penelope,
Brooklyn Ian,John Mackenzie,
Brooklyn Ian,Jameson Melanie,
Brooklyn Ian,Nolan Bella,
Emery David,Grace Eli,0.75
Hazel Nicholas,Liliana Easton,0.5
Hailey Elias,Lucy Dylan,0.9
Delilah Andrew,Hailey Elias,0.9
Alaina Zion,Hailey Elias,0.9
Adeline Theo,Hailey Elias,0.9
Eva Santiago,Hailey Elias,0.9
Hailey Elias,Jackson Riley,0.9
Alexander Ella,Hailey Elias,0.9
Hailey Elias,Samuel Sarah,0.9
Hailey Elias,Nicholas Hazel,0.9
Allison Max,Eleanor Adrian,0.25
Anna Hudson,Violet Kai,1
Mackenzie John,Violet Kai,1
Natalie Ezekiel,Violet Kai,1
Raelynn Anthony,Violet Kai,1
Stella Thomas,Violet Kai,1
Lelani Christian,Violet Kai,1
Kennedy Joshua,Violet Kai,1
Lillian Christopher,Violet Kai,1
Sophie Theodore,Violet Kai,1
Audrey Cooper,Violet Kai,1
Jasmine Elliot,Violet Kai,1
Claire Evan,Violet Kai,1
Noah Olivia,Violet Kai,1
Caden Amelia,Violet Kai,1
Muhammad Layla,Violet Kai,1
Mason Zoe,Violet Kai,1
Ethan Eliana,Violet Kai,1
Sebastian Mila,Violet Kai,1
Michael Luna,Violet Kai,1
Luca Lily,Violet Kai,1
Julian Ellie,Violet Kai,1
Jack Leah,Violet Kai,1
Owen Aubrey,Violet Kai,1
Gabriel Emily,Violet Kai,1
Luke Aurora,Violet Kai,1
David Emery,Violet Kai,1
Eli Grace,Violet Kai,1
Violet Kai,Zane Kaylee,1
Connor Victoria,Violet Kai,1
Anthony Raelynn,Violet Kai,1
Joseph Addison,Violet Kai,1
Aaron Naomi,Violet Kai,1
Christian Lelani,Violet Kai,1
Violet Kai,Xavier Isabelle,1
Easton Liliana,Violet Kai,1
Joshua Kennedy,Violet Kai,1
Elizabeth Nathan,Skyler Landon,
Elizabeth Nathan,Melanie Jameson,
Elizabeth Nathan,Ivy Jeremiah,
Amaya Hunter,Elizabeth Nathan,
Elizabeth Nathan,Nyla Bryson,
Elizabeth Nathan,Liam Sophia,
Elijah Ava,Elizabeth Nathan,
Carter Camilla,Elizabeth Nathan,
Elizabeth Nathan,Jayden Charlotte,
Elizabeth Nathan,James Everly,
Elizabeth Nathan,Leo Harper,
Elizabeth Nathan,Levi Gianna,
Elizabeth Nathan,Josiah Adalyn,
Elizabeth Nathan,Jayce Isla,
Elizabeth Nathan,Wyatt Abigail,
Elizabeth Nathan,Miles Kinsley,
Elizabeth Nathan,Lincoln Elena,
Carson Hannah,Elizabeth Nathan,
Elizabeth Nathan,Maverick Penelope,
Elizabeth Nathan,John Mackenzie,
Elizabeth Nathan,Jameson Melanie,
Elizabeth Nathan,Nolan Bella,
Anna Hudson,Mackenzie John,1
Anna Hudson,Natalie Ezekiel,1
Anna Hudson,Raelynn Anthony,1
Anna Hudson,Stella Thomas,1
Anna Hudson,Lelani Christian,1
Anna Hudson,Kennedy Joshua,1
Anna Hudson,Lillian Christopher,1
Anna Hudson,Sophie Theodore,1
Anna Hudson,Audrey Cooper,1
Anna Hudson,Jasmine Elliot,1
Anna Hudson,Claire Evan,1
Anna Hudson,Noah Olivia,1
Anna Hudson,Caden Amelia,1
Anna Hudson,Muhammad Layla,1
Anna Hudson,Mason Zoe,1
Anna Hudson,Ethan Eliana,1
Anna Hudson,Sebastian Mila,1
Anna Hudson,Michael Luna,1
Anna Hudson,Luca Lily,1
Anna Hudson,Julian Ellie,1
Anna Hudson,Jack Leah,1
Anna Hudson,Owen Aubrey,1
Anna Hudson,Gabriel Emily,1
Anna Hudson,Luke Aurora,1
Anna Hudson,David Emery,1
Anna Hudson,Eli Grace,1
Anna Hudson,Zane Kaylee,1
Anna Hudson,Connor Victoria,1
Anna Hudson,Anthony Raelynn,1
Anna Hudson,Joseph Addison,1
Aaron Naomi,Anna Hudson,1
Anna Hudson,Christian Lelani,1
Anna Hudson,Xavier Isabelle,1
Anna Hudson,Easton Liliana,1
Anna Hudson,Joshua Kennedy,1
Mackenzie John,Natalie Ezekiel,1
Mackenzie John,Raelynn Anthony,1
Mackenzie John,Stella Thomas,1
Lelani Christian,Mackenzie John,1
Kennedy Joshua,Mackenzie John,1
Lillian Christopher,Mackenzie John,1
Mackenzie John,Sophie Theodore,1
Audrey Cooper,Mackenzie John,1
Jasmine Elliot,Mackenzie John,1
Claire Evan,Mackenzie John,1
Mackenzie John,Noah Olivia,1
Caden Amelia,Mackenzie John,1
Mackenzie John,Muhammad Layla,1
Mackenzie John,Mason Zoe,1
Ethan Eliana,Mackenzie John,1
Mackenzie John,Sebastian Mila,1
Mackenzie John,Michael Luna,1
Luca Lily,Mackenzie John,1
Julian Ellie,Mackenzie John,1
Jack Leah,Mackenzie John,1
Mackenzie John,Owen Aubrey,1
Gabriel Emily,Mackenzie John,1
Luke Aurora,Mackenzie John,1
David Emery,Mackenzie John,1
Eli Grace,Mackenzie John,1
Mackenzie John,Zane Kaylee,1
Connor Victoria,Mackenzie John,1
Anthony Raelynn,Mackenzie John,1
Joseph Addison,Mackenzie John,1
Aaron Naomi,Mackenzie John,1
Christian Lelani,Mackenzie John,1
Mackenzie John,Xavier Isabelle,1
Easton Liliana,Mackenzie John,1
Joshua Kennedy,Mackenzie John,1
Kaylee Zane,Willow Roman,0.98
Addison Joseph,Victoria Connor,0.6
Bella Nolan,Victoria Connor,0.6
Maria Axel,Victoria Connor,0.6
Cora Brayden,Victoria Connor,0.6
Cameron Peyton,Victoria Connor,0.6
Ezekiel Natalie,Victoria Connor,0.6
Natalie Ezekiel,Raelynn Anthony,1
Natalie Ezekiel,Stella Thomas,1
Lelani Christian,Natalie Ezekiel,1
Kennedy Joshua,Natalie Ezekiel,1
Lillian Christopher,Natalie Ezekiel,1
Natalie Ezekiel,Sophie Theodore,1
Audrey Cooper,Natalie Ezekiel,1
Jasmine Elliot,Natalie Ezekiel,1
Claire Evan,Natalie Ezekiel,1
Natalie Ezekiel,Noah Olivia,1
Caden Amelia,Natalie Ezekiel,1
Muhammad Layla,Natalie Ezekiel,1
Mason Zoe,Natalie Ezekiel,1
Ethan Eliana,Natalie Ezekiel,1
Natalie Ezekiel,Sebastian Mila,1
Michael Luna,Natalie Ezekiel,1
Luca Lily,Natalie Ezekiel,1
Julian Ellie,Natalie Ezekiel,1
Jack Leah,Natalie Ezekiel,1
Natalie Ezekiel,Owen Aubrey,1
Gabriel Emily,Natalie Ezekiel,1
Luke Aurora,Natalie Ezekiel,1
David Emery,Natalie Ezekiel,1
Eli Grace,Natalie Ezekiel,1
Natalie Ezekiel,Zane Kaylee,1
Connor Victoria,Natalie Ezekiel,1
Anthony Raelynn,Natalie Ezekiel,1
Joseph Addison,Natalie Ezekiel,1
Aaron Naomi,Natalie Ezekiel,1
Christian Lelani,Natalie Ezekiel,1
Natalie Ezekiel,Xavier Isabelle,1
Easton Liliana,Natalie Ezekiel,1
Joshua Kennedy,Natalie Ezekiel,1
Raelynn Anthony,Stella Thomas,1
Lelani Christian,Raelynn Anthony,1
Kennedy Joshua,Raelynn Anthony,1
Lillian Christopher,Raelynn Anthony,1
Raelynn Anthony,Sophie Theodore,1
Audrey Cooper,Raelynn Anthony,1
Jasmine Elliot,Raelynn Anthony,1
Claire Evan,Raelynn Anthony,1
Noah Olivia,Raelynn Anthony,1
Caden Amelia,Raelynn Anthony,1
Muhammad Layla,Raelynn Anthony,1
Mason Zoe,Raelynn Anthony,1
Ethan Eliana,Raelynn Anthony,1
Raelynn Anthony,Sebastian Mila,1
Michael Luna,Raelynn Anthony,1
Luca Lily,Raelynn Anthony,1
Julian Ellie,Raelynn Anthony,1
Jack Leah,Raelynn Anthony,1
Owen Aubrey,Raelynn Anthony,1
Gabriel Emily,Raelynn Anthony,1
Luke Aurora,Raelynn Anthony,1
David Emery,Raelynn Anthony,1
Eli Grace,Raelynn Anthony,1
Raelynn Anthony,Zane Kaylee,1
Connor Victoria,Raelynn Anthony,1
Anthony Raelynn,Raelynn Anthony,1
Joseph Addison,Raelynn Anthony,1
Aaron Naomi,Raelynn Anthony,1
Christian Lelani,Raelynn Anthony,1
Raelynn Anthony,Xavier Isabelle,1
Easton Liliana,Raelynn Anthony,1
Joshua Kennedy,Raelynn Anthony,1
Addison Joseph,Bella Nolan,0.6
Addison Joseph,Maria Axel,0.6
Addison Joseph,Cora Brayden,0.6
Addison Joseph,Cameron Peyton,0.6
Addison Joseph,Ezekiel Natalie,0.6
Melanie Jameson,Skyler Landon,
Ivy Jeremiah,Skyler Landon,
Amaya Hunter,Skyler Landon,
Nyla Bryson,Skyler Landon,
Liam Sophia,Skyler Landon,
Elijah Ava,Skyler Landon,
Carter Camilla,Skyler Landon,
Jayden Charlotte,Skyler Landon,
James Everly,Skyler Landon,
Leo Harper,Skyler Landon,
Levi Gianna,Skyler Landon,
Josiah Adalyn,Skyler Landon,
Jayce Isla,Skyler Landon,
Skyler Landon,Wyatt Abigail,
Miles Kinsley,Skyler Landon,
Lincoln Elena,Skyler Landon,
Carson Hannah,Skyler Landon,
Maverick Penelope,Skyler Landon,
John Mackenzie,Skyler Landon,
Jameson Melanie,Skyler Landon,
Nolan Bella,Skyler Landon,
Ivy Jeremiah,Melanie Jameson,
Amaya Hunter,Melanie Jameson,
Melanie Jameson,Nyla Bryson,
Liam Sophia,Melanie Jameson,
Elijah Ava,Melanie Jameson,
Carter Camilla,Melanie Jameson,
Jayden Charlotte,Melanie Jameson,
James Everly,Melanie Jameson,
Leo Harper,Melanie Jameson,
Levi Gianna,Melanie Jameson,
Josiah Adalyn,Melanie Jameson,
Jayce Isla,Melanie Jameson,
Melanie Jameson,Wyatt Abigail,
Melanie Jameson,Miles Kinsley,
Lincoln Elena,Melanie Jameson,
Carson Hannah,Melanie Jameson,
Maverick Penelope,Melanie Jameson,
John Mackenzie,Melanie Jameson,
Jameson Melanie,Melanie Jameson,
Melanie Jameson,Nolan Bella,
Lelani Christian,Stella Thomas,1
Kennedy Joshua,Stella Thomas,1
Lillian Christopher,Stella Thomas,1
Sophie Theodore,Stella Thomas,1
Audrey Cooper,Stella Thomas,1
Jasmine Elliot,Stella Thomas,1
Claire Evan,Stella Thomas,1
Noah Olivia,Stella Thomas,1
Caden Amelia,Stella Thomas,1
Muhammad Layla,Stella Thomas,1
Mason Zoe,Stella Thomas,1
Ethan Eliana,Stella Thomas,1
Sebastian Mila,Stella Thomas,1
Michael Luna,Stella Thomas,1
Luca Lily,Stella Thomas,1
Julian Ellie,Stella Thomas,1
Jack Leah,Stella Thomas,1
Owen Aubrey,Stella Thomas,1
Gabriel Emily,Stella Thomas,1
Luke Aurora,Stella Thomas,1
David Emery,Stella Thomas,1
Eli Grace,Stella Thomas,1
Stella Thomas,Zane Kaylee,1
Connor Victoria,Stella Thomas,1
Anthony Raelynn,Stella Thomas,1
Joseph Addison,Stella Thomas,1
Aaron Naomi,Stella Thomas,1
Christian Lelani,Stella Thomas,1
Stella Thomas,Xavier Isabelle,1
Easton Liliana,Stella Thomas,1
Joshua Kennedy,Stella Thomas,1
Jacob Scarlett,Naomi Aaron,0.4
Asher Maya,Naomi Aaron,0.4
Kennedy Joshua,Lelani Christian,1
Lelani Christian,Lillian Christopher,1
Lelani Christian,Sophie Theodore,1
Audrey Cooper,Lelani Christian,1
Jasmine Elliot,Lelani Christian,1
Claire Evan,Lelani Christian,1
Lelani Christian,Noah Olivia,1
Caden Amelia,Lelani Christian,1
Lelani Christian,Muhammad Layla,1
Lelani Christian,Mason Zoe,1
Ethan Eliana,Lelani Christian,1
Lelani Christian,Sebastian Mila,1
Lelani Christian,Michael Luna,1
Lelani Christian,Luca Lily,1
Julian Ellie,Lelani Christian,1
Jack Leah,Lelani Christian,1
Lelani Christian,Owen Aubrey,1
Gabriel Emily,Lelani Christian,1
Lelani Christian,Luke Aurora,1
David Emery,Lelani Christian,1
Eli Grace,Lelani Christian,1
Lelani Christian,Zane Kaylee,1
Connor Victoria,Lelani Christian,1
Anthony Raelynn,Lelani Christian,1
Joseph Addison,Lelani Christian,1
Aaron Naomi,Lelani Christian,1
Christian Lelani,Lelani Christian,1
Lelani Christian,Xavier Isabelle,1
Easton Liliana,Lelani Christian,1
Joshua Kennedy,Lelani Christian,1
Grayson Isabella,Isabelle Xavier,0.95
Elias Hailey,Isabelle Xavier,0.95
Bella Nolan,Maria Axel,0.6
Bella Nolan,Cora Brayden,0.6
Bella Nolan,Cameron Peyton,0.6
Bella Nolan,Ezekiel Natalie,0.6
Kennedy Joshua,Lillian Christopher,1
Kennedy Joshua,Sophie Theodore,1
Audrey Cooper,Kennedy Joshua,1
Jasmine Elliot,Kennedy Joshua,1
Claire Evan,Kennedy Joshua,1
Kennedy Joshua,Noah Olivia,1
Caden Amelia,Kennedy Joshua,1
Kennedy Joshua,Muhammad Layla,1
Kennedy Joshua,Mason Zoe,1
Ethan Eliana,Kennedy Joshua,1
Kennedy Joshua,Sebastian Mila,1
Kennedy Joshua,Michael Luna,1
Kennedy Joshua,Luca Lily,1
Julian Ellie,Kennedy Joshua,1
Jack Leah,Kennedy Joshua,1
Kennedy Joshua,Owen Aubrey,1
Gabriel Emily,Kennedy Joshua,1
Kennedy Joshua,Luke Aurora,1
David Emery,Kennedy Joshua,1
Eli Grace,Kennedy Joshua,1
Kennedy Joshua,Zane Kaylee,1
Connor Victoria,Kennedy Joshua,1
Anthony Raelynn,Kennedy Joshua,1
Joseph Addison,Kennedy Joshua,1
Aaron Naomi,Kennedy Joshua,1
Christian Lelani,Kennedy Joshua,1
Kennedy Joshua,Xavier Isabelle,1
Easton Liliana,Kennedy Joshua,1
Joshua Kennedy,Kennedy Joshua,1
Aiden Emma,Gabriella Dominic,0.7
Benjamin Avery,Gabriella Dominic,0.7
Gabriella Dominic,Nathan Elizabeth,0.7
Gabriella Dominic,Thomas Stella,0.7
Delilah Andrew,Lucy Dylan,0.9
Alaina Zion,Lucy Dylan,0.9
Adeline Theo,Lucy Dylan,0.9
Eva Santiago,Lucy Dylan,0.9
Jackson Riley,Lucy Dylan,0.9
Alexander Ella,Lucy Dylan,0.9
Lucy Dylan,Samuel Sarah,0.9
Lucy Dylan,Nicholas Hazel,0.9
Lillian Christopher,Sophie Theodore,1
Audrey Cooper,Lillian Christopher,1
Jasmine Elliot,Lillian Christopher,1
Claire Evan,Lillian Christopher,1
Lillian Christopher,Noah Olivia,1
Caden Amelia,Lillian Christopher,1
Lillian Christopher,Muhammad Layla,1
Lillian Christopher,Mason Zoe,1
Ethan Eliana,Lillian Christopher,1
Lillian Christopher,Sebastian Mila,1
Lillian Christopher,Michael Luna,1
Lillian Christopher,Luca Lily,1
Julian Ellie,Lillian Christopher,1
Jack Leah,Lillian Christopher,1
Lillian Christopher,Owen Aubrey,1
Gabriel Emily,Lillian Christopher,1
Lillian Christopher,Luke Aurora,1
David Emery,Lillian Christopher,1
Eli Grace,Lillian Christopher,1
Lillian Christopher,Zane Kaylee,1
Connor Victoria,Lillian Christopher,1
Anthony Raelynn,Lillian Christopher,1
Joseph Addison,Lillian Christopher,1
Aaron Naomi,Lillian Christopher,1
Christian Lelani,Lillian Christopher,1
Lillian Christopher,Xavier Isabelle,1
Easton Liliana,Lillian Christopher,1
Joshua Kennedy,Lillian Christopher,1
Audrey Cooper,Sophie Theodore,1
Jasmine Elliot,Sophie Theodore,1
Claire Evan,Sophie Theodore,1
Noah Olivia,Sophie Theodore,1
Caden Amelia,Sophie Theodore,1
Muhammad Layla,Sophie Theodore,1
Mason Zoe,Sophie Theodore,1
Ethan Eliana,Sophie Theodore,1
Sebastian Mila,Sophie Theodore,1
Michael Luna,Sophie Theodore,1
Luca Lily,Sophie Theodore,1
Julian Ellie,Sophie Theodore,1
Jack Leah,Sophie Theodore,1
Owen Aubrey,Sophie Theodore,1
Gabriel Emily,Sophie Theodore,1
Luke Aurora,Sophie Theodore,1
David Emery,Sophie Theodore,1
Eli Grace,Sophie Theodore,1
Sophie Theodore,Zane Kaylee,1
Connor Victoria,Sophie Theodore,1
Anthony Raelynn,Sophie Theodore,1
Joseph Addison,Sophie Theodore,1
Aaron Naomi,Sophie Theodore,1
Christian Lelani,Sophie Theodore,1
Sophie Theodore,Xavier Isabelle,1
Easton Liliana,Sophie Theodore,1
Joshua Kennedy,Sophie Theodore,1
Amaya Hunter,Ivy Jeremiah,
Ivy Jeremiah,Nyla Bryson,
Ivy Jeremiah,Liam Sophia,
Elijah Ava,Ivy Jeremiah,
Carter Camilla,Ivy Jeremiah,
Ivy Jeremiah,Jayden Charlotte,
Ivy Jeremiah,James Everly,
Ivy Jeremiah,Leo Harper,
Ivy Jeremiah,Levi Gianna,
Ivy Jeremiah,Josiah Adalyn,
Ivy Jeremiah,Jayce Isla,
Ivy Jeremiah,Wyatt Abigail,
Ivy Jeremiah,Miles Kinsley,
Ivy Jeremiah,Lincoln Elena,
Carson Hannah,Ivy Jeremiah,
Ivy Jeremiah,Maverick Penelope,
Ivy Jeremiah,John Mackenzie,
Ivy Jeremiah,Jameson Melanie,
Ivy Jeremiah,Nolan Bella,
Amaya Hunter,Nyla Bryson,
Amaya Hunter,Liam Sophia,
Amaya Hunter,Elijah Ava,
Amaya Hunter,Carter Camilla,
Amaya Hunter,Jayden Charlotte,
Amaya Hunter,James Everly,
Amaya Hunter,Leo Harper,
Amaya Hunter,Levi Gianna,
Amaya Hunter,Josiah Adalyn,
Amaya Hunter,Jayce Isla,
Amaya Hunter,Wyatt Abigail,
Amaya Hunter,Miles Kinsley,
Amaya Hunter,Lincoln Elena,
Amaya Hunter,Carson Hannah,
Amaya Hunter,Maverick Penelope,
Amaya Hunter,John Mackenzie,
Amaya Hunter,Jameson Melanie,
Amaya Hunter,Nolan Bella,
Alaina Zion,Delilah Andrew,0.9
Adeline Theo,Delilah Andrew,0.9
Delilah Andrew,Eva Santiago,0.9
Delilah Andrew,Jackson Riley,0.9
Alexander Ella,Delilah Andrew,0.9
Delilah Andrew,Samuel Sarah,0.9
Delilah Andrew,Nicholas Hazel,0.9
Mateo Mia,Nevaeh Jordyn,0.8
Nevaeh Jordyn,Ryan Nora,0.8
Isaiah Madelyn,Nevaeh Jordyn,0.8
Colton Ariana,Nevaeh Jordyn,0.8
Ian Brooklyn,Nevaeh Jordyn,0.8
Adam Callie,Nevaeh Jordyn,0.8
Kai Violet,London Damian,0.92
Adeline Theo,Alaina Zion,0.9
Alaina Zion,Eva Santiago,0.9
Alaina Zion,Jackson Riley,0.9
Alaina Zion,Alexander Ella,0.9
Alaina Zion,Samuel Sarah,0.9
Alaina Zion,Nicholas Hazel,0.9
Adeline Theo,Eva Santiago,0.9
Adeline Theo,Jackson Riley,0.9
Adeline Theo,Alexander Ella,0.9
Adeline Theo,Samuel Sarah,0.9
Adeline Theo,Nicholas Hazel,0.9
Audrey Cooper,Jasmine Elliot,1
Audrey Cooper,Claire Evan,1
Audrey Cooper,Noah Olivia,1
Audrey Cooper,Caden Amelia,1
Audrey Cooper,Muhammad Layla,1
Audrey Cooper,Mason Zoe,1
Audrey Cooper,Ethan Eliana,1
Audrey Cooper,Sebastian Mila,1
Audrey Cooper,Michael Luna,1
Audrey Cooper,Luca Lily,1
Audrey Cooper,Julian Ellie,1
Audrey Cooper,Jack Leah,1
Audrey Cooper,Owen Aubrey,1
Audrey Cooper,Gabriel Emily,1
Audrey Cooper,Luke Aurora,1
Audrey Cooper,David Emery,1
Audrey Cooper,Eli Grace,1
Audrey Cooper,Zane Kaylee,1
Audrey Cooper,Connor Victoria,1
Anthony Raelynn,Audrey Cooper,1
Audrey Cooper,Joseph Addison,1
Aaron Naomi,Audrey Cooper,1
Audrey Cooper,Christian Lelani,1
Audrey Cooper,Xavier Isabelle,1
Audrey Cooper,Easton Liliana,1
Audrey Cooper,Joshua Kennedy,1
Cora Brayden,Maria Axel,0.6
Cameron Peyton,Maria Axel,0.6
Ezekiel Natalie,Maria Axel,0.6
Eva Santiago,Jackson Riley,0.9
Alexander Ella,Eva Santiago,0.9
Eva Santiago,Samuel Sarah,0.9
Eva Santiago,Nicholas Hazel,0.9
Claire Evan,Jasmine Elliot,1
Jasmine Elliot,Noah Olivia,1
Caden Amelia,Jasmine Elliot,1
Jasmine Elliot,Muhammad Layla,1
Jasmine Elliot,Mason Zoe,1
Ethan Eliana,Jasmine Elliot,1
Jasmine Elliot,Sebastian Mila,1
Jasmine Elliot,Michael Luna,1
Jasmine Elliot,Luca Lily,1
Jasmine Elliot,Julian Ellie,1
Jack Leah,Jasmine Elliot,1
Jasmine Elliot,Owen Aubrey,1
Gabriel Emily,Jasmine Elliot,1
Jasmine Elliot,Luke Aurora,1
David Emery,Jasmine Elliot,1
Eli Grace,Jasmine Elliot,1
Jasmine Elliot,Zane Kaylee,1
Connor Victoria,Jasmine Elliot,1
Anthony Raelynn,Jasmine Elliot,1
Jasmine Elliot,Joseph Addison,1
Aaron Naomi,Jasmine Elliot,1
Christian Lelani,Jasmine Elliot,1
Jasmine Elliot,Xavier Isabelle,1
Easton Liliana,Jasmine Elliot,1
Jasmine Elliot,Joshua Kennedy,1
Liam Sophia,Nyla Bryson,
Elijah Ava,Nyla Bryson,
Carter Camilla,Nyla Bryson,
Jayden Charlotte,Nyla Bryson,
James Everly,Nyla Bryson,
Leo Harper,Nyla Bryson,
Levi Gianna,Nyla Bryson,
Josiah Adalyn,Nyla Bryson,
Jayce Isla,Nyla Bryson,
Nyla Bryson,Wyatt Abigail,
Miles Kinsley,Nyla Bryson,
Lincoln Elena,Nyla Bryson,
Carson Hannah,Nyla Bryson,
Maverick Penelope,Nyla Bryson,
John Mackenzie,Nyla Bryson,
Jameson Melanie,Nyla Bryson,
Nolan Bella,Nyla Bryson,
Cameron Peyton,Cora Brayden,0.6
Cora Brayden,Ezekiel Natalie,0.6
Lucas Aria,Makayla Jonathan,0.65
Claire Evan,Noah Olivia,1
Caden Amelia,Claire Evan,1
Claire Evan,Muhammad Layla,1
Claire Evan,Mason Zoe,1
Claire Evan,Ethan Eliana,1
Claire Evan,Sebastian Mila,1
Claire Evan,Michael Luna,1
Claire Evan,Luca Lily,1
Claire Evan,Julian Ellie,1
Claire Evan,Jack Leah,1
Claire Evan,Owen Aubrey,1
Claire Evan,Gabriel Emily,1
Claire Evan,Luke Aurora,1
Claire Evan,David Emery,1
Claire Evan,Eli Grace,1
Claire Evan,Zane Kaylee,1
Claire Evan,Connor Victoria,1
Anthony Raelynn,Claire Evan,1
Claire Evan,Joseph Addison,1
Aaron Naomi,Claire Evan,1
Christian Lelani,Claire Evan,1
Claire Evan,Xavier Isabelle,1
Claire Evan,Easton Liliana,1
Claire Evan,Joshua Kennedy,1
Elijah Ava,Liam Sophia,
Carter Camilla,Liam Sophia,
Jayden Charlotte,Liam Sophia,
James Everly,Liam Sophia,
Leo Harper,Liam Sophia,
Levi Gianna,Liam Sophia,
Josiah Adalyn,Liam Sophia,
Jayce Isla,Liam Sophia,
Liam Sophia,Wyatt Abigail,
Liam Sophia,Miles Kinsley,
Liam Sophia,Lincoln Elena,
Carson Hannah,Liam Sophia,
Liam Sophia,Maverick Penelope,
John Mackenzie,Liam Sophia,
Jameson Melanie,Liam Sophia,
Liam Sophia,Nolan Bella,
Caden Amelia,Noah Olivia,1
Muhammad Layla,Noah Olivia,1
Mason Zoe,Noah Olivia,1
Ethan Eliana,Noah Olivia,1
Noah Olivia,Sebastian Mila,1
Michael Luna,Noah Olivia,1
Luca Lily,Noah Olivia,1
Julian Ellie,Noah Olivia,1
Jack Leah,Noah Olivia,1
Noah Olivia,Owen Aubrey,1
Gabriel Emily,Noah Olivia,1
Luke Aurora,Noah Olivia,1
David Emery,Noah Olivia,1
Eli Grace,Noah Olivia,1
Noah Olivia,Zane Kaylee,1
Connor Victoria,Noah Olivia,1
Anthony Raelynn,Noah Olivia,1
Joseph Addison,Noah Olivia,1
Aaron Naomi,Noah Olivia,1
Christian Lelani,Noah Olivia,1
Noah Olivia,Xavier Isabelle,1
Easton Liliana,Noah Olivia,1
Joshua Kennedy,Noah Olivia,1
Alexander Ella,Jackson Riley,0.9
Jackson Riley,Samuel Sarah,0.9
Jackson Riley,Nicholas Hazel,0.9
Aiden Emma,Benjamin Avery,0.7
Aiden Emma,Nathan Elizabeth,0.7
Aiden Emma,Thomas Stella,0.7
Carter Camilla,Elijah Ava,
Elijah Ava,Jayden Charlotte,
Elijah Ava,James Everly,
Elijah Ava,Leo Harper,
Elijah Ava,Levi Gianna,
Elijah Ava,Josiah Adalyn,
Elijah Ava,Jayce Isla,
Elijah Ava,Wyatt Abigail,
Elijah Ava,Miles Kinsley,
Elijah Ava,Lincoln Elena,
Carson Hannah,Elijah Ava,
Elijah Ava,Maverick Penelope,
Elijah Ava,John Mackenzie,
Elijah Ava,Jameson Melanie,
Elijah Ava,Nolan Bella,
Elias Hailey,Grayson Isabella,0.95
Caleb Nova,Oliver Aaliyah,0.85
Matthew Lila,Oliver Aaliyah,0.85
Landon Skyler,Oliver Aaliyah,0.85
Caden Amelia,Muhammad Layla,1
Caden Amelia,Mason Zoe,1
Caden Amelia,Ethan Eliana,1
Caden Amelia,Sebastian Mila,1
Caden Amelia,Michael Luna,1
Caden Amelia,Luca Lily,1
Caden Amelia,Julian Ellie,1
Caden Amelia,Jack Leah,1
Caden Amelia,Owen Aubrey,1
Caden Amelia,Gabriel Emily,1
Caden Amelia,Luke Aurora,1
Caden Amelia,David Emery,1
Caden Amelia,Eli Grace,1
Caden Amelia,Zane Kaylee,1
Caden Amelia,Connor Victoria,1
Anthony Raelynn,Caden Amelia,1
Caden Amelia,Joseph Addison,1
Aaron Naomi,Caden Amelia,1
Caden Amelia,Christian Lelani,1
Caden Amelia,Xavier Isabelle,1
Caden Amelia,Easton Liliana,1
Caden Amelia,Joshua Kennedy,1
Mateo Mia,Ryan Nora,0.8
Isaiah Madelyn,Mateo Mia,0.8
Colton Ariana,Mateo Mia,0.8
Ian Brooklyn,Mateo Mia,0.8
Adam Callie,Mateo Mia,0.8
Mason Zoe,Muhammad Layla,1
Ethan Eliana,Muhammad Layla,1
Muhammad Layla,Sebastian Mila,1
Michael Luna,Muhammad Layla,1
Luca Lily,Muhammad Layla,1
Julian Ellie,Muhammad Layla,1
Jack Leah,Muhammad Layla,1
Muhammad Layla,Owen Aubrey,1
Gabriel Emily,Muhammad Layla,1
Luke Aurora,Muhammad Layla,1
David Emery,Muhammad Layla,1
Eli Grace,Muhammad Layla,1
Muhammad Layla,Zane Kaylee,1
Connor Victoria,Muhammad Layla,1
Anthony Raelynn,Muhammad Layla,1
Joseph Addison,Muhammad Layla,1
Aaron Naomi,Muhammad Layla,1
Christian Lelani,Muhammad Layla,1
Muhammad Layla,Xavier Isabelle,1
Easton Liliana,Muhammad Layla,1
Joshua Kennedy,Muhammad Layla,1
Ethan Eliana,Mason Zoe,1
Mason Zoe,Sebastian Mila,1
Mason Zoe,Michael Luna,1
Luca Lily,Mason Zoe,1
Julian Ellie,Mason Zoe,1
Jack Leah,Mason Zoe,1
Mason Zoe,Owen Aubrey,1
Gabriel Emily,Mason Zoe,1
Luke Aurora,Mason Zoe,1
David Emery,Mason Zoe,1
Eli Grace,Mason Zoe,1
Mason Zoe,Zane Kaylee,1
Connor Victoria,Mason Zoe,1
Anthony Raelynn,Mason Zoe,1
Joseph Addison,Mason Zoe,1
Aaron Naomi,Mason Zoe,1
Christian Lelani,Mason Zoe,1
Mason Zoe,Xavier Isabelle,1
Easton Liliana,Mason Zoe,1
Joshua Kennedy,Mason Zoe,1
Carter Camilla,Jayden Charlotte,
Carter Camilla,James Everly,
Carter Camilla,Leo Harper,
Carter Camilla,Levi Gianna,
Carter Camilla,Josiah Adalyn,
Carter Camilla,Jayce Isla,
Carter Camilla,Wyatt Abigail,
Carter Camilla,Miles Kinsley,
Carter Camilla,Lincoln Elena,
Carson Hannah,Carter Camilla,
Carter Camilla,Maverick Penelope,
Carter Camilla,John Mackenzie,
Carter Camilla,Jameson Melanie,
Carter Camilla,Nolan Bella,
James Everly,Jayden Charlotte,
Jayden Charlotte,Leo Harper,
Jayden Charlotte,Levi Gianna,
Jayden Charlotte,Josiah Adalyn,
Jayce Isla,Jayden Charlotte,
Jayden Charlotte,Wyatt Abigail,
Jayden Charlotte,Miles Kinsley,
Jayden Charlotte,Lincoln Elena,
Carson Hannah,Jayden Charlotte,
Jayden Charlotte,Maverick Penelope,
Jayden Charlotte,John Mackenzie,
Jameson Melanie,Jayden Charlotte,
Jayden Charlotte,Nolan Bella,
Ethan Eliana,Sebastian Mila,1
Ethan Eliana,Michael Luna,1
Ethan Eliana,Luca Lily,1
Ethan Eliana,Julian Ellie,1
Ethan Eliana,Jack Leah,1
Ethan Eliana,Owen Aubrey,1
Ethan Eliana,Gabriel Emily,1
Ethan Eliana,Luke Aurora,1
David Emery,Ethan Eliana,1
Eli Grace,Ethan Eliana,1
Ethan Eliana,Zane Kaylee,1
Connor Victoria,Ethan Eliana,1
Anthony Raelynn,Ethan Eliana,1
Ethan Eliana,Joseph Addison,1
Aaron Naomi,Ethan Eliana,1
Christian Lelani,Ethan Eliana,1
Ethan Eliana,Xavier Isabelle,1
Easton Liliana,Ethan Eliana,1
Ethan Eliana,Joshua Kennedy,1
Michael Luna,Sebastian Mila,1
Luca Lily,Sebastian Mila,1
Julian Ellie,Sebastian Mila,1
Jack Leah,Sebastian Mila,1
Owen Aubrey,Sebastian Mila,1
Gabriel Emily,Sebastian Mila,1
Luke Aurora,Sebastian Mila,1
David Emery,Sebastian Mila,1
Eli Grace,Sebastian Mila,1
Sebastian Mila,Zane Kaylee,1
Connor Victoria,Sebastian Mila,1
Anthony Raelynn,Sebastian Mila,1
Joseph Addison,Sebastian Mila,1
Aaron Naomi,Sebastian Mila,1
Christian Lelani,Sebastian Mila,1
Sebastian Mila,Xavier Isabelle,1
Easton Liliana,Sebastian Mila,1
Joshua Kennedy,Sebastian Mila,1
James Everly,Leo Harper,
James Everly,Levi Gianna,
James Everly,Josiah Adalyn,
James Everly,Jayce Isla,
James Everly,Wyatt Abigail,
James Everly,Miles Kinsley,
James Everly,Lincoln Elena,
Carson Hannah,James Everly,
James Everly,Maverick Penelope,
James Everly,John Mackenzie,
James Everly,Jameson Melanie,
James Everly,Nolan Bella,
Luca Lily,Michael Luna,1
Julian Ellie,Michael Luna,1
Jack Leah,Michael Luna,1
Michael Luna,Owen Aubrey,1
Gabriel Emily,Michael Luna,1
Luke Aurora,Michael Luna,1
David Emery,Michael Luna,1
Eli Grace,Michael Luna,1
Michael Luna,Zane Kaylee,1
Connor Victoria,Michael Luna,1
Anthony Raelynn,Michael Luna,1
Joseph Addison,Michael Luna,1
Aaron Naomi,Michael Luna,1
Christian Lelani,Michael Luna,1
Michael Luna,Xavier Isabelle,1
Easton Liliana,Michael Luna,1
Joshua Kennedy,Michael Luna,1
Benjamin Avery,Nathan Elizabeth,0.7
Benjamin Avery,Thomas Stella,0.7
Leo Harper,Levi Gianna,
Josiah Adalyn,Leo Harper,
Jayce Isla,Leo Harper,
Leo Harper,Wyatt Abigail,
Leo Harper,Miles Kinsley,
Leo Harper,Lincoln Elena,
Carson Hannah,Leo Harper,
Leo Harper,Maverick Penelope,
John Mackenzie,Leo Harper,
Jameson Melanie,Leo Harper,
Leo Harper,Nolan Bella,
Julian Ellie,Luca Lily,1
Jack Leah,Luca Lily,1
Luca Lily,Owen Aubrey,1
Gabriel Emily,Luca Lily,1
Luca Lily,Luke Aurora,1
David Emery,Luca Lily,1
Eli Grace,Luca Lily,1
Luca Lily,Zane Kaylee,1
Connor Victoria,Luca Lily,1
Anthony Raelynn,Luca Lily,1
Joseph Addison,Luca Lily,1
Aaron Naomi,Luca Lily,1
Christian Lelani,Luca Lily,1
Luca Lily,Xavier Isabelle,1
Easton Liliana,Luca Lily,1
Joshua Kennedy,Luca Lily,1
Alexander Ella,Samuel Sarah,0.9
Alexander Ella,Nicholas Hazel,0.9
Josiah Adalyn,Levi Gianna,
Jayce Isla,Levi Gianna,
Levi Gianna,Wyatt Abigail,
Levi Gianna,Miles Kinsley,
Levi Gianna,Lincoln Elena,
Carson Hannah,Levi Gianna,
Levi Gianna,Maverick Penelope,
John Mackenzie,Levi Gianna,
Jameson Melanie,Levi Gianna,
Levi Gianna,Nolan Bella,
Jayce Isla,Josiah Adalyn,
Josiah Adalyn,Wyatt Abigail,
Josiah Adalyn,Miles Kinsley,
Josiah Adalyn,Lincoln Elena,
Carson Hannah,Josiah Adalyn,
Josiah Adalyn,Maverick Penelope,
John Mackenzie,Josiah Adalyn,
Jameson Melanie,Josiah Adalyn,
Josiah Adalyn,Nolan Bella,
Jayce Isla,Wyatt Abigail,
Jayce Isla,Miles Kinsley,
Jayce Isla,Lincoln Elena,
Carson Hannah,Jayce Isla,
Jayce Isla,Maverick Penelope,
Jayce Isla,John Mackenzie,
Jameson Melanie,Jayce Isla,
Jayce Isla,Nolan Bella,
Jack Leah,Julian Ellie,1
Julian Ellie,Owen Aubrey,1
Gabriel Emily,Julian Ellie,1
Julian Ellie,Luke Aurora,1
David Emery,Julian Ellie,1
Eli Grace,Julian Ellie,1
Julian Ellie,Zane Kaylee,1
Connor Victoria,Julian Ellie,1
Anthony Raelynn,Julian Ellie,1
Joseph Addison,Julian Ellie,1
Aaron Naomi,Julian Ellie,1
Christian Lelani,Julian Ellie,1
Julian Ellie,Xavier Isabelle,1
Easton Liliana,Julian Ellie,1
Joshua Kennedy,Julian Ellie,1
Jack Leah,Owen Aubrey,1
Gabriel Emily,Jack Leah,1
Jack Leah,Luke Aurora,1
David Emery,Jack Leah,1
Eli Grace,Jack Leah,1
Jack Leah,Zane Kaylee,1
Connor Victoria,Jack Leah,1
Anthony Raelynn,Jack Leah,1
Jack Leah,Joseph Addison,1
Aaron Naomi,Jack Leah,1
Christian Lelani,Jack Leah,1
Jack Leah,Xavier Isabelle,1
Easton Liliana,Jack Leah,1
Jack Leah,Joshua Kennedy,1
Isaiah Madelyn,Ryan Nora,0.8
Colton Ariana,Ryan Nora,0.8
Ian Brooklyn,Ryan Nora,0.8
Adam Callie,Ryan Nora,0.8
Asher Maya,Jacob Scarlett,0.4
Miles Kinsley,Wyatt Abigail,
Lincoln Elena,Wyatt Abigail,
Carson Hannah,Wyatt Abigail,
Maverick Penelope,Wyatt Abigail,
John Mackenzie,Wyatt Abigail,
Jameson Melanie,Wyatt Abigail,
Nolan Bella,Wyatt Abigail,
Ezra Paisley,William Madison,0.45
Gabriel Emily,Owen Aubrey,1
Luke Aurora,Owen Aubrey,1
David Emery,Owen Aubrey,1
Eli Grace,Owen Aubrey,1
Owen Aubrey,Zane Kaylee,1
Connor Victoria,Owen Aubrey,1
Anthony Raelynn,Owen Aubrey,1
Joseph Addison,Owen Aubrey,1
Aaron Naomi,Owen Aubrey,1
Christian Lelani,Owen Aubrey,1
Owen Aubrey,Xavier Isabelle,1
Easton Liliana,Owen Aubrey,1
Joshua Kennedy,Owen Aubrey,1
Gabriel Emily,Luke Aurora,1
David Emery,Gabriel Emily,1
Eli Grace,Gabriel Emily,1
Gabriel Emily,Zane Kaylee,1
Connor Victoria,Gabriel Emily,1
Anthony Raelynn,Gabriel Emily,1
Gabriel Emily,Joseph Addison,1
Aaron Naomi,Gabriel Emily,1
Christian Lelani,Gabriel Emily,1
Gabriel Emily,Xavier Isabelle,1
Easton Liliana,Gabriel Emily,1
Gabriel Emily,Joshua Kennedy,1
Lincoln Elena,Miles Kinsley,
Carson Hannah,Miles Kinsley,
Maverick Penelope,Miles Kinsley,
John Mackenzie,Miles Kinsley,
Jameson Melanie,Miles Kinsley,
Miles Kinsley,Nolan Bella,
Carson Hannah,Lincoln Elena,
Lincoln Elena,Maverick Penelope,
John Mackenzie,Lincoln Elena,
Jameson Melanie,Lincoln Elena,
Lincoln Elena,Nolan Bella,
Colton Ariana,Isaiah Madelyn,0.8
Ian Brooklyn,Isaiah Madelyn,0.8
Adam Callie,Isaiah Madelyn,0.8
David Emery,Luke Aurora,1
Eli Grace,Luke Aurora,1
Luke Aurora,Zane Kaylee,1
Connor Victoria,Luke Aurora,1
Anthony Raelynn,Luke Aurora,1
Joseph Addison,Luke Aurora,1
Aaron Naomi,Luke Aurora,1
Christian Lelani,Luke Aurora,1
Luke Aurora,Xavier Isabelle,1
Easton Liliana,Luke Aurora,1
Joshua Kennedy,Luke Aurora,1
Cameron Peyton,Ezekiel Natalie,0.6
Caleb Nova,Matthew Lila,0.85
Caleb Nova,Landon Skyler,0.85
Carson Hannah,Maverick Penelope,
Carson Hannah,John Mackenzie,
Carson Hannah,Jameson Melanie,
Carson Hannah,Nolan Bella,
Nicholas Hazel,Samuel Sarah,0.9
Colton Ariana,Ian Brooklyn,0.8
Adam Callie,Colton Ariana,0.8
John Mackenzie,Maverick Penelope,
Jameson Melanie,Maverick Penelope,
Maverick Penelope,Nolan Bella,
Landon Skyler,Matthew Lila,0.85
Adam Callie,Ian Brooklyn,0.8
David Emery,Eli Grace,1
David Emery,Zane Kaylee,1
Connor Victoria,David Emery,1
Anthony Raelynn,David Emery,1
David Emery,Joseph Addison,1
Aaron Naomi,David Emery,1
Christian Lelani,David Emery,1
David Emery,Xavier Isabelle,1
David Emery,Easton Liliana,1
David Emery,Joshua Kennedy,1
Adrian Eleanor,Hudson Anna,0.83
Nathan Elizabeth,Thomas Stella,0.7
Eli Grace,Zane Kaylee,1
Connor Victoria,Eli Grace,1
Anthony Raelynn,Eli Grace,1
Eli Grace,Joseph Addison,1
Aaron Naomi,Eli Grace,1
Christian Lelani,Eli Grace,1
Eli Grace,Xavier Isabelle,1
Easton Liliana,Eli Grace,1
Eli Grace,Joshua Kennedy,1
Jameson Melanie,John Mackenzie,
John Mackenzie,Nolan Bella,
Connor Victoria,Zane Kaylee,1
Anthony Raelynn,Zane Kaylee,1
Joseph Addison,Zane Kaylee,1
Aaron Naomi,Zane Kaylee,1
Christian Lelani,Zane Kaylee,1
Xavier Isabelle,Zane Kaylee,1
Easton Liliana,Zane Kaylee,1
Joshua Kennedy,Zane Kaylee,1
Anthony Raelynn,Connor Victoria,1
Connor Victoria,Joseph Addison,1
Aaron Naomi,Connor Victoria,1
Christian Lelani,Connor Victoria,1
Connor Victoria,Xavier Isabelle,1
Connor Victoria,Easton Liliana,1
Connor Victoria,Joshua Kennedy,1
Anthony Raelynn,Joseph Addison,1
Aaron Naomi,Anthony Raelynn,1
Anthony Raelynn,Christian Lelani,1
Anthony Raelynn,Xavier Isabelle,1
Anthony Raelynn,Easton Liliana,1
Anthony Raelynn,Joshua Kennedy,1
Aaron Naomi,Joseph Addison,1
Christian Lelani,Joseph Addison,1
Joseph Addison,Xavier Isabelle,1
Easton Liliana,Joseph Addison,1
Joseph Addison,Joshua Kennedy,1
Jameson Melanie,Nolan Bella,
Aaron Naomi,Christian Lelani,1
Aaron Naomi,Xavier Isabelle,1
Aaron Naomi,Easton Liliana,1
Aaron Naomi,Joshua Kennedy,1
Christian Lelani,Xavier Isabelle,1
Christian Lelani,Easton Liliana,1
Christian Lelani,Joshua Kennedy,1
Easton Liliana,Xavier Isabelle,1
Joshua Kennedy,Xavier Isabelle,1
Easton Liliana,Joshua Kennedy,1